DROP TABLE
CREATE TABLE
INSERT 0 1
INSERT 0 1
ERROR:  null value in column "required_col" of relation "not_null_test" violates not-null constraint
DETAIL:  Failing row contains (3, null, null).
ERROR:  null value in column "required_col" of relation "not_null_test" violates not-null constraint
DETAIL:  Failing row contains (4, null, missing required).
ERROR:  null value in column "required_col" of relation "not_null_test" violates not-null constraint
DETAIL:  Failing row contains (1, null, null).
UPDATE 1
 id | required_col | optional_col 
----+--------------+--------------
  1 | valid        | 
  2 | also valid   | 
(2 rows)

DROP TABLE
DROP TABLE
CREATE TABLE
INSERT 0 1
INSERT 0 1
INSERT 0 1
ERROR:  new row for relation "check_test" violates check constraint "check_test_age_check"
DETAIL:  Failing row contains (4, -1, 10, active).
ERROR:  new row for relation "check_test" violates check constraint "positive_price"
DETAIL:  Failing row contains (5, 30, 0, active).
ERROR:  new row for relation "check_test" violates check constraint "check_test_status_check"
DETAIL:  Failing row contains (6, 30, 10, deleted).
 id | age | price | status   
----+-----+-------+----------
  1 |  25 | 99.99 | active
  2 |   0 |  0.01 | inactive
  3 |     |       | 
(3 rows)

UPDATE 1
ERROR:  new row for relation "check_test" violates check constraint "check_test_age_check"
DETAIL:  Failing row contains (1, -5, 99.99, active).
 id | age | price | status   
----+-----+-------+----------
  1 |  30 | 99.99 | active
  2 |   0 |  0.01 | inactive
  3 |     |       | 
(3 rows)

DROP TABLE
